Component: Arm Compiler for Embedded 6.19 Tool: armlink [5e73cb00]

==============================================================================

Section Cross References

    arm_timer_interrupt_last.o(RESET) refers to arm_timer_interrupt_last.o(.text) for Reset_Handler


==============================================================================

Image Symbol Table

    Local Symbols

    Symbol Name                              Value     Ov Type        Size  Object(Section)

    ../TIMER_INTERRUPT_MECHANISM/TIMER_INTERRUPT_MECHANISM/ASSEMBLY_CODE/arm_timer_interrupt_last.s 0x00000000   Number         0  arm_timer_interrupt_last.o ABSOLUTE
    RESET                                    0x00000000   Section      128  arm_timer_interrupt_last.o(RESET)
    .text                                    0x00000080   Section       60  arm_timer_interrupt_last.o(.text)

    Global Symbols

    Symbol Name                              Value     Ov Type        Size  Object(Section)

    BuildAttributes$$THM_ISAv3M$S$A:L22$X:L11$S22$IEEE1$~IW$USESV6$~STKCKD$USESV7$~SHL$OSPACE$EBA8$STANDARDLIB$PRES8$EABIv2 0x00000000   Number         0  anon$$obj.o ABSOLUTE
    __Vectors                                0x00000000   Data           4  arm_timer_interrupt_last.o(RESET)
    Reset_Handler                            0x00000081   Thumb Code    22  arm_timer_interrupt_last.o(.text)
    Timer_Handler                            0x00000097   Thumb Code    14  arm_timer_interrupt_last.o(.text)



==============================================================================

Memory Map of the image

  Image Entry point : 0x00000081

  Load Region LR_1 (Base: 0x00000000, Size: 0x000000bc, Max: 0xffffffff, ABSOLUTE)

    Execution Region ER_RO (Exec base: 0x00000000, Load base: 0x00000000, Size: 0x000000bc, Max: 0xffffffff, ABSOLUTE)

    Exec Addr    Load Addr    Size         Type   Attr      Idx    E Section Name        Object

    0x00000000   0x00000000   0x00000080   Data   RO            1    RESET               arm_timer_interrupt_last.o
    0x00000080   0x00000080   0x0000003c   Code   RO            2  * .text               arm_timer_interrupt_last.o


    Execution Region ER_RW (Exec base: 0x20000000, Load base: 0x000000bc, Size: 0x00000000, Max: 0xffffffff, ABSOLUTE)

    **** No section assigned to this execution region ****


    Execution Region ER_ZI (Exec base: 0x20000000, Load base: 0x000000bc, Size: 0x00000000, Max: 0xffffffff, ABSOLUTE)

    **** No section assigned to this execution region ****


==============================================================================

Image component sizes


      Code (inc. data)   RO Data    RW Data    ZI Data      Debug   Object Name

        60         24        128          0          0        532   arm_timer_interrupt_last.o

    ----------------------------------------------------------------------
        60         24        128          0          0        532   Object Totals
         0          0          0          0          0          0   (incl. Generated)
         0          0          0          0          0          0   (incl. Padding)

    ----------------------------------------------------------------------
         0          0          0          0          0          0   Library Totals
         0          0          0          0          0          0   (incl. Padding)

    ----------------------------------------------------------------------

==============================================================================


      Code (inc. data)   RO Data    RW Data    ZI Data      Debug   

        60         24        128          0          0        532   Grand Totals
        60         24        128          0          0        532   ELF Image Totals
        60         24        128          0          0          0   ROM Totals

==============================================================================

    Total RO  Size (Code + RO Data)                  188 (   0.18kB)
    Total RW  Size (RW Data + ZI Data)                 0 (   0.00kB)
    Total ROM Size (Code + RO Data + RW Data)        188 (   0.18kB)

==============================================================================

