<!doctype html public "-//w3c//dtd html 4.0 transitional//en">
<html><head>
<title>Static Call Graph - [.\Objects\MiniProject.axf]</title></head>
<body><HR>
<H1>Static Call Graph for image .\Objects\MiniProject.axf</H1><HR>
<BR><P>#&#060CALLGRAPH&#062# ARM Linker, 6190004: Last Updated: Fri Jan 27 00:31:10 2023
<BR><P>
<H3>Maximum Stack Usage =          0 bytes + Unknown(Untraceable Function Pointers)</H3><H3>
Call chain for Maximum Stack Depth:</H3>

<P>
<H3>
Function Pointers
</H3><UL>
 <LI><a href="#[0]">Reset_Handler</a> from mini_proj_code_test.o(.text) referenced from mini_proj_code_test.o(RESET)
 <LI><a href="#[1]">Timer_Handler</a> from mini_proj_code_test.o(.text) referenced from mini_proj_code_test.o(RESET)
</UL>
<P>
<H3>
Global Symbols
</H3>
<P><STRONG><a name="[0]"></a>Reset_Handler</STRONG> (Thumb, 22 bytes, Stack size 0 bytes, mini_proj_code_test.o(.text))
<BR>[Address Reference Count : 1]<UL><LI> mini_proj_code_test.o(RESET)
</UL>
<P><STRONG><a name="[1]"></a>Timer_Handler</STRONG> (Thumb, 44 bytes, Stack size 0 bytes, mini_proj_code_test.o(.text))
<BR>[Address Reference Count : 1]<UL><LI> mini_proj_code_test.o(RESET)
</UL><P>
<H3>
Local Symbols
</H3><P>
<H3>
Undefined Global Symbols
</H3><HR></body></html>
