<!doctype html public "-//w3c//dtd html 4.0 transitional//en">
<html><head>
<title>Static Call Graph - [.\Objects\TIMER_INTERFACE.axf]</title></head>
<body><HR>
<H1>Static Call Graph for image .\Objects\TIMER_INTERFACE.axf</H1><HR>
<BR><P>#&#060CALLGRAPH&#062# ARM Linker, 6190004: Last Updated: Tue Jan 24 08:07:50 2023
<BR><P>
<H3>Maximum Stack Usage =          0 bytes + Unknown(Untraceable Function Pointers)</H3><H3>
Call chain for Maximum Stack Depth:</H3>

<P>
<H3>
Function Pointers
</H3><UL>
 <LI><a href="#[0]">Reset_Handler</a> from arm_timer_gpio.o(.text) referenced from arm_timer_gpio.o(RESET)
</UL>
<P>
<H3>
Global Symbols
</H3>
<P><STRONG><a name="[0]"></a>Reset_Handler</STRONG> (Thumb, 16 bytes, Stack size 0 bytes, arm_timer_gpio.o(.text))
<BR>[Address Reference Count : 1]<UL><LI> arm_timer_gpio.o(RESET)
</UL><P>
<H3>
Local Symbols
</H3><P>
<H3>
Undefined Global Symbols
</H3><HR></body></html>
